// Jest Snapshot v1, https://goo.gl/fbAQLP

exports[`<CreateItem/> renders and matches snapshot 1`] = `
<div>
  <form
    class="Form-phs3r-0 bOqHdm"
    data-test="form"
  >
    <fieldset
      aria-busy="false"
    >
      <label
        for="file"
      >
        Image
        <input
          id="file"
          name="file"
          placeholder="Upload an image"
          required=""
          type="file"
        />
        
      </label>
      <label
        for="title"
      >
        Title
        <input
          id="title"
          name="title"
          placeholder="Title"
          required=""
          type="text"
          value=""
        />
      </label>
      <label
        for="price"
      >
        Price (In Cents)
        <input
          id="price"
          name="price"
          placeholder="Price"
          required=""
          type="number"
          value=""
        />
      </label>
      <label
        for="type"
      >
        Type
        <select
          id="type"
          name="type"
        >
          <option
            value=""
          >
            Select An Option
          </option>
          <option
            value="print"
          >
            Print
          </option>
          <option
            value="original"
          >
            Original
          </option>
          <option
            value="gallery"
          >
            Gallery
          </option>
          <option
            value="shirt"
          >
            Shirt
          </option>
          <option
            value="hat"
          >
            Hat
          </option>
        </select>
      </label>
      <label
        for="quantity"
      >
        Quantity
        <input
          id="quantity"
          name="quantity"
          placeholder="Quantity"
          required=""
          type="number"
          value=""
        />
      </label>
      <label
        for="description"
      >
        description
        <textarea
          id="description"
          name="description"
          placeholder="Enter A Description"
          required=""
        />
      </label>
      <button
        type="submit"
      >
        Submit
      </button>
    </fieldset>
  </form>
</div>
`;
